// Jest Snapshot v1, https://goo.gl/fbAQLP

exports[`TextArea renders a TextArea unchanged 1`] = `
.c1 {
  position: relative;
  display: -webkit-box;
  display: -webkit-flex;
  display: -ms-flexbox;
  display: flex;
  -webkit-box-pack: center;
  -webkit-justify-content: center;
  -ms-flex-pack: center;
  justify-content: center;
  -webkit-align-items: center;
  -webkit-box-align: center;
  -ms-flex-align: center;
  align-items: center;
  min-height: 48px;
  width: 100%;
  border: solid 2px #868686;
  border-radius: 4px;
  background-color: #FFFFFF;
  cursor: text;
}

.c1:focus-within {
  box-shadow: 0 0 0 4px rgba(93,45,239,0.32);
}

.c1::after {
  content: "";
  position: absolute;
  display: none;
  position: absolute;
  z-index: 2;
  bottom: 4px;
  right: 4px;
  width: 12px;
  height: 12px;
  background-image: url("/images/icons/textarea-resize-custom-icon.svg");
  background-repeat: no-repeat;
  pointer-events: none;
}

.c2 {
  position: relative;
  z-index: 1;
  outline: none;
  padding: 12px;
  opacity: 1;
  margin: 0;
  min-width: 0;
  width: 100%;
  border: none;
  min-height: 48px;
  font-size: 16px;
  font-weight: 500;
  line-height: 24px;
  border-radius: 4px;
  color: #101521;
  resize: none;
  background-color: transparent;
  cursor: text;
}

.c2::-webkit-input-placeholder {
  color: #101521;
}

.c2::-moz-placeholder {
  color: #101521;
}

.c2:-ms-input-placeholder {
  color: #101521;
}

.c2::placeholder {
  color: #101521;
}

.c2::-webkit-resizer {
  display: none;
}

.c0 {
  display: -webkit-box;
  display: -webkit-flex;
  display: -ms-flexbox;
  display: flex;
  -webkit-flex-direction: column;
  -ms-flex-direction: column;
  flex-direction: column;
  -webkit-align-items: flex-start;
  -webkit-box-align: flex-start;
  -ms-flex-align: flex-start;
  align-items: flex-start;
  width: 100%;
}

<div>
  <div
    class="c0"
  >
    <div
      class="c1"
    >
      <textarea
        class="c2"
      />
    </div>
  </div>
</div>
`;
