// Jest Snapshot v1, https://goo.gl/fbAQLP

exports[`Checkbox renders a Checkbox unchanged 1`] = `
.c0 {
  display: -webkit-box;
  display: -webkit-flex;
  display: -ms-flexbox;
  display: flex;
  -webkit-align-items: center;
  -webkit-box-align: center;
  -ms-flex-align: center;
  align-items: center;
  position: relative;
  height: 24px;
  width: 100%;
}

.c3 {
  position: absolute;
  top: 0px;
  left: 0px;
  height: 24px;
  width: 24px;
  z-index: 0;
  border-radius: 4px;
  border: solid 2px;
  border-color: #5D2DEF;
  background-color: #FFFFFF;
  background-position: center;
}

.c1 {
  position: absolute;
  opacity: 0;
  z-index: 1;
  height: 24px;
  width: 24px;
  top: 0;
  left: 0;
  margin: 0;
  cursor: pointer;
}

.c1:checked ~ .c2 {
  background-color: #5D2DEF;
  background-image: url("/images/icons/check-small.svg");
}

.c1:focus-visible ~ .c2 {
  box-shadow: 0 0 0 4px rgba(93,45,239,0.32);
}

<div>
  <div
    class="c0"
  >
    <input
      class="c1"
      type="checkbox"
    />
    <div
      class="c2 c3"
    />
  </div>
</div>
`;
